[kyle.malyarchuk.space/index-particles.html]
[backblue.gif]
[fade.gif]
[index.html]
[kyle.malyarchuk.space/css/plugins/bootstrap.min.css]
[kyle.malyarchuk.space/css/plugins/simplebar.css]
[kyle.malyarchuk.space/css/plugins/feather.css]
[kyle.malyarchuk.space/css/plugins/font-awesome.css]
[kyle.malyarchuk.space/css/plugins/swiper.min.css]
[kyle.malyarchuk.space/css/plugins/magnific-popup.css]
[kyle.malyarchuk.space/css/style.css]
[kyle.malyarchuk.space/css/settings/green-color.css]
[kyle.malyarchuk.space/setting/style-demo.css]
[kyle.malyarchuk.space/css/settings/blue-color.css]
[kyle.malyarchuk.space/css/settings/red-color.css]
[kyle.malyarchuk.space/css/settings/purple-color.css]
[kyle.malyarchuk.space/css/settings/sea-color.css]
[kyle.malyarchuk.space/css/settings/yellow-color.css]
[kyle.malyarchuk.space/img/user.jpg]
[kyle.malyarchuk.space/img/blog/img-2.jpg]
[kyle.malyarchuk.space/img/portfolio/img-3.jpg]
[kyle.malyarchuk.space/img/portfolio/img-6.jpg]
[kyle.malyarchuk.space/img/portfolio/img-1.jpg]
[kyle.malyarchuk.space/img/portfolio/img-2.jpg]
[kyle.malyarchuk.space/img/portfolio/img-4.jpg]
[kyle.malyarchuk.space/img/portfolio/img-5.jpg]
[kyle.malyarchuk.space/img/portfolio/img-7.jpg]
[kyle.malyarchuk.space/img/portfolio/img-8.jpg]
[kyle.malyarchuk.space/img/portfolio/img-9.jpg]
[kyle.malyarchuk.space/blog-page.html]
[kyle.malyarchuk.space/img/blog/img-1.jpg]
[kyle.malyarchuk.space/img/blog/img-4.jpg]
[kyle.malyarchuk.space/img/blog/img-5.jpg]
[kyle.malyarchuk.space/img/blog/img-6.jpg]
[kyle.malyarchuk.space/blog-list.html]
[kyle.malyarchuk.space/js/plugins/jquery.min.js]
[kyle.malyarchuk.space/js/plugins/bootstrap.min.js]
[kyle.malyarchuk.space/js/plugins/isotope.pkgd.min.js]
[kyle.malyarchuk.space/js/plugins/jquery.magnific-popup.min.js]
[kyle.malyarchuk.space/js/plugins/simplebar.js]
[kyle.malyarchuk.space/js/plugins/swiper.min.js]
[kyle.malyarchuk.space/js/plugins/jquery.validation.js]
[kyle.malyarchuk.space/js/plugins/TweenMax.min.js]
[kyle.malyarchuk.space/js/main.js]
[kyle.malyarchuk.space/js/menu.js]
[kyle.malyarchuk.space/js/plugins/tilt.js]
[kyle.malyarchuk.space/js/plugins/particles.min.js]
[kyle.malyarchuk.space/setting/main-demo.js]
[kyle.malyarchuk.space/index-particles.html]
[kyle.malyarchuk.space/css/plugins/bootstrap.min.css]
[kyle.malyarchuk.space/css/plugins/simplebar.css]
[kyle.malyarchuk.space/fonts/feathere8ab.eot]
[kyle.malyarchuk.space/fonts/feathere8ab.ttf]
[kyle.malyarchuk.space/css/plugins/feather.css]
[kyle.malyarchuk.space/fonts/feathere8ab.svg]
[kyle.malyarchuk.space/fonts/fa-brands-400.eot]
[kyle.malyarchuk.space/fonts/fa-brands-400d41d.eot]
[kyle.malyarchuk.space/fonts/fa-brands-400.woff2]
[kyle.malyarchuk.space/fonts/fa-brands-400.woff]
[kyle.malyarchuk.space/fonts/fa-brands-400.ttf]
[kyle.malyarchuk.space/fonts/fa-regular-400.eot]
[kyle.malyarchuk.space/fonts/fa-regular-400.woff2]
[kyle.malyarchuk.space/fonts/fa-brands-400.svg]
[kyle.malyarchuk.space/fonts/fa-regular-400d41d.eot]
[kyle.malyarchuk.space/fonts/fa-regular-400.woff]
[kyle.malyarchuk.space/fonts/fa-regular-400.ttf]
[kyle.malyarchuk.space/fonts/fa-regular-400.svg]
[kyle.malyarchuk.space/fonts/fa-solid-900.eot]
[kyle.malyarchuk.space/fonts/fa-solid-900.woff2]
[kyle.malyarchuk.space/fonts/fa-solid-900d41d.eot]
[kyle.malyarchuk.space/fonts/fa-solid-900.woff]
[kyle.malyarchuk.space/fonts/fa-solid-900.ttf]
[kyle.malyarchuk.space/css/plugins/font-awesome.css]
[kyle.malyarchuk.space/css/plugins/swiper.min.css]
[kyle.malyarchuk.space/css/plugins/magnific-popup.css]
[kyle.malyarchuk.space/img/video-bg.jpg]
[kyle.malyarchuk.space/fonts/fa-solid-900.svg]
[kyle.malyarchuk.space/img/bg.jpg]
[kyle.malyarchuk.space/img/logo.png]
[kyle.malyarchuk.space/img/icon/hover.png]
[kyle.malyarchuk.space/img/icon/grab.png]
[kyle.malyarchuk.space/img/icon/sound.png]
[kyle.malyarchuk.space/img/icon/pen.png]
[kyle.malyarchuk.space/css/style.css]
[kyle.malyarchuk.space/css/settings/title.css]
[kyle.malyarchuk.space/css/settings/green-color.css]
[kyle.malyarchuk.space/setting/style-demo.css]
[kyle.malyarchuk.space/css/settings/no-title.css]
[kyle.malyarchuk.space/css/settings/blue-color.css]
[kyle.malyarchuk.space/css/settings/red-color.css]
[kyle.malyarchuk.space/css/settings/purple-color.css]
[kyle.malyarchuk.space/css/settings/sea-color.css]
[kyle.malyarchuk.space/css/settings/yellow-color.css]
[kyle.malyarchuk.space/img/slider/4.jpg]
[kyle.malyarchuk.space/index.html]
[kyle.malyarchuk.space/img/blog/authors/author-1.png]
[kyle.malyarchuk.space/img/blog/authors/author-2.png]
[kyle.malyarchuk.space/img/blog/authors/author-3.png]
[kyle.malyarchuk.space/blog-page.html]
[kyle.malyarchuk.space/img/blog-bg.jpg]
[kyle.malyarchuk.space/img/blog/img-3.jpg]
[kyle.malyarchuk.space/img/blog/post/blog-1.jpg]
[kyle.malyarchuk.space/img/blog/post/blog-2.jpg]
[kyle.malyarchuk.space/img/blog/post/blog-3.jpg]
[kyle.malyarchuk.space/img/blog/post/blog-4.jpg]
[kyle.malyarchuk.space/img/blog/post/gallery/gallery-1.jpg]
[kyle.malyarchuk.space/img/blog/post/gallery/gallery-2.jpg]
[kyle.malyarchuk.space/img/blog/post/gallery/gallery-3.jpg]
[kyle.malyarchuk.space/img/blog/post/gallery/gallery-4.jpg]
[kyle.malyarchuk.space/img/blog/post/gallery/gallery-5.jpg]
[kyle.malyarchuk.space/img/blog/post/gallery/gallery-6.jpg]
[kyle.malyarchuk.space/img/blog/post/gallery/gallery-7.jpg]
[kyle.malyarchuk.space/img/blog/post/gallery/gallery-8.jpg]
[kyle.malyarchuk.space/blog-list.html]
[kyle.malyarchuk.space/fonts/feathere8ab.svg]
[kyle.malyarchuk.space/fonts/fa-brands-400.svg]
[kyle.malyarchuk.space/fonts/fa-regular-400.svg]
[kyle.malyarchuk.space/fonts/fa-solid-900.svg]
[kyle.malyarchuk.space/img/icon/play.svg]
[kyle.malyarchuk.space/preview/css/plugins.css]
[kyle.malyarchuk.space/preview/css/style.css]
[kyle.malyarchuk.space/preview/img/logo.png]
[kyle.malyarchuk.space/index-image.html]
[kyle.malyarchuk.space/preview/img/preview/1.png]
[kyle.malyarchuk.space/index-slider.html]
[kyle.malyarchuk.space/preview/img/preview/2.png]
[kyle.malyarchuk.space/preview/img/preview/3.png]
[kyle.malyarchuk.space/index-particles-2.html]
[kyle.malyarchuk.space/preview/img/preview/8.png]
[kyle.malyarchuk.space/index-video.html]
[kyle.malyarchuk.space/preview/img/preview/5.png]
[kyle.malyarchuk.space/index-ripples.html]
[kyle.malyarchuk.space/preview/img/preview/6.png]
[kyle.malyarchuk.space/index-glitch.html]
[kyle.malyarchuk.space/preview/img/preview/7.png]
[kyle.malyarchuk.space/index-line.html]
[kyle.malyarchuk.space/preview/img/preview/9.png]
[kyle.malyarchuk.space/preview/img/logo-footer.png]
[kyle.malyarchuk.space/index.html]
[kyle.malyarchuk.space/preview/js/intro.js]
[kyle.malyarchuk.space/preview/js/plugins.js]
[kyle.malyarchuk.space/preview/css/plugins.css]
[kyle.malyarchuk.space/preview/img/bg.jpg]
[kyle.malyarchuk.space/preview/img/bg-1.jpg]
[kyle.malyarchuk.space/preview/img/bg-2.png]
[kyle.malyarchuk.space/preview/css/style.css]
[kyle.malyarchuk.space/index-image.html]
[kyle.malyarchuk.space/img/slider/1.jpg]
[kyle.malyarchuk.space/img/slider/2.jpg]
[kyle.malyarchuk.space/img/slider/3.jpg]
[kyle.malyarchuk.space/img/slider/5.jpg]
[kyle.malyarchuk.space/img/slider/6.jpg]
[kyle.malyarchuk.space/index-slider.html]
[kyle.malyarchuk.space/preview/img/preview/3.png]
[kyle.malyarchuk.space/index-particles-2.html]
[kyle.malyarchuk.space/js/plugins/vide.js]
[kyle.malyarchuk.space/index-video.html]
[kyle.malyarchuk.space/js/plugins/jquery.ripples-min.js]
[kyle.malyarchuk.space/index-ripples.html]
[kyle.malyarchuk.space/index-glitch.html]
[kyle.malyarchuk.space/index-line.html]
[kyle.malyarchuk.space/preview/fonts/glyphicons-halflings-regular.html]
[kyle.malyarchuk.space/preview/fonts/glyphicons-halflings-regulard41d.html]
[kyle.malyarchuk.space/preview/fonts/glyphicons-halflings-regular-2.html]
[kyle.malyarchuk.space/preview/fonts/glyphicons-halflings-regular-3.html]
[kyle.malyarchuk.space/preview/fonts/glyphicons-halflings-regular-4.html]
[kyle.malyarchuk.space/preview/fonts/glyphicons-halflings-regular-5.html]
[kyle.malyarchuk.space/preview/css/fonts/slick.html]
[kyle.malyarchuk.space/preview/css/fonts/slickd41d.html]
[kyle.malyarchuk.space/preview/css/fonts/slick-2.html]
[kyle.malyarchuk.space/preview/css/fonts/slick-3.html]
[kyle.malyarchuk.space/preview/css/fonts/slick-4.html]
[kyle.malyarchuk.space/js/plugins/mgGlitch.min.js]
